// Jest Snapshot v1, https://goo.gl/fbAQLP

exports[`Test form fields render correctly 1`] = `
<FormGroup>
  <label
    htmlFor="test"
  >
    Test
  </label>
  <input
    className="form-control"
    id="test"
    name="test"
    placeholder="Test"
    type="text"
  />
</FormGroup>
`;

exports[`Test form groups render correctly 1`] = `
<div
  className="form-group"
/>
`;

exports[`Test form steps render correctly 1`] = `<div />`;

exports[`Test forms render correctly 1`] = `
<form
  onSubmit={[Function]}
/>
`;
