// Jest Snapshot v1, https://goo.gl/fbAQLP

exports[`Test builder renders correctly 1`] = `
<div
  className="container-fluid"
>
  <div
    className="row"
  >
    <Droppable
      add={[Function]}
      className="h-100"
      components={
        Object {
          "Area": [Function],
          "Dropdown": [Function],
          "Email": [Function],
          "Field": [Function],
          "Option": [Function],
          "Password": [Function],
          "Submit": [Function],
        }
      }
      remove={[Function]}
    />
    <div
      className="col-2 h-100"
    >
      <Legend />
    </div>
  </div>
</div>
`;
